2026-04-19 23:03:57.529 +05:30 [INF]  | CorrelationId: | Using distributed in-memory cache (development only)
2026-04-19 23:03:59.623 +05:30 [WRN] Microsoft.EntityFrameworkCore.Model.Validation | CorrelationId: | Entity 'Staff' has a global query filter defined and is the required end of a relationship with the entity 'Certificate'. This may lead to unexpected results when the required entity is filtered out. Either configure the navigation as optional, or define matching query filters for both entities in the navigation. See https://go.microsoft.com/fwlink/?linkid=2131316 for more information.
2026-04-19 23:03:59.735 +05:30 [WRN] Microsoft.EntityFrameworkCore.Model.Validation | CorrelationId: | Entity 'School' has a global query filter defined and is the required end of a relationship with the entity 'CertificateTemplate'. This may lead to unexpected results when the required entity is filtered out. Either configure the navigation as optional, or define matching query filters for both entities in the navigation. See https://go.microsoft.com/fwlink/?linkid=2131316 for more information.
2026-04-19 23:03:59.740 +05:30 [WRN] Microsoft.EntityFrameworkCore.Model.Validation | CorrelationId: | Entity 'School' has a global query filter defined and is the required end of a relationship with the entity 'Document'. This may lead to unexpected results when the required entity is filtered out. Either configure the navigation as optional, or define matching query filters for both entities in the navigation. See https://go.microsoft.com/fwlink/?linkid=2131316 for more information.
2026-04-19 23:03:59.744 +05:30 [WRN] Microsoft.EntityFrameworkCore.Model.Validation | CorrelationId: | Entity 'School' has a global query filter defined and is the required end of a relationship with the entity 'DocumentCategory'. This may lead to unexpected results when the required entity is filtered out. Either configure the navigation as optional, or define matching query filters for both entities in the navigation. See https://go.microsoft.com/fwlink/?linkid=2131316 for more information.
2026-04-19 23:03:59.748 +05:30 [WRN] Microsoft.EntityFrameworkCore.Model.Validation | CorrelationId: | Entity 'School' has a global query filter defined and is the required end of a relationship with the entity 'FeeAuditLog'. This may lead to unexpected results when the required entity is filtered out. Either configure the navigation as optional, or define matching query filters for both entities in the navigation. See https://go.microsoft.com/fwlink/?linkid=2131316 for more information.
2026-04-19 23:03:59.752 +05:30 [WRN] Microsoft.EntityFrameworkCore.Model.Validation | CorrelationId: | Entity 'School' has a global query filter defined and is the required end of a relationship with the entity 'Holiday'. This may lead to unexpected results when the required entity is filtered out. Either configure the navigation as optional, or define matching query filters for both entities in the navigation. See https://go.microsoft.com/fwlink/?linkid=2131316 for more information.
2026-04-19 23:03:59.758 +05:30 [WRN] Microsoft.EntityFrameworkCore.Model.Validation | CorrelationId: | Entity 'School' has a global query filter defined and is the required end of a relationship with the entity 'IDCard'. This may lead to unexpected results when the required entity is filtered out. Either configure the navigation as optional, or define matching query filters for both entities in the navigation. See https://go.microsoft.com/fwlink/?linkid=2131316 for more information.
2026-04-19 23:03:59.761 +05:30 [WRN] Microsoft.EntityFrameworkCore.Model.Validation | CorrelationId: | Entity 'School' has a global query filter defined and is the required end of a relationship with the entity 'IDCardTemplate'. This may lead to unexpected results when the required entity is filtered out. Either configure the navigation as optional, or define matching query filters for both entities in the navigation. See https://go.microsoft.com/fwlink/?linkid=2131316 for more information.
2026-04-19 23:03:59.764 +05:30 [WRN] Microsoft.EntityFrameworkCore.Model.Validation | CorrelationId: | Entity 'UserLogin' has a global query filter defined and is the required end of a relationship with the entity 'PasswordResetToken'. This may lead to unexpected results when the required entity is filtered out. Either configure the navigation as optional, or define matching query filters for both entities in the navigation. See https://go.microsoft.com/fwlink/?linkid=2131316 for more information.
2026-04-19 23:03:59.767 +05:30 [WRN] Microsoft.EntityFrameworkCore.Model.Validation | CorrelationId: | Entity 'School' has a global query filter defined and is the required end of a relationship with the entity 'PromotionHistory'. This may lead to unexpected results when the required entity is filtered out. Either configure the navigation as optional, or define matching query filters for both entities in the navigation. See https://go.microsoft.com/fwlink/?linkid=2131316 for more information.
2026-04-19 23:03:59.867 +05:30 [WRN] Microsoft.EntityFrameworkCore.Model.Validation | CorrelationId: | The foreign key property 'Staff.ReportingToId1' was created in shadow state because a conflicting property with the simple name 'ReportingToId' exists in the entity type, but is either not mapped, is already used for another relationship, or is incompatible with the associated primary key type. See https://aka.ms/efcore-relationships for information on mapping relationships in EF Core.
2026-04-19 23:04:00.979 +05:30 [INF] Program | CorrelationId: | Database migrations applied successfully.
2026-04-19 23:04:01.722 +05:30 [ERR] Microsoft.Extensions.Hosting.Internal.Host | CorrelationId: | Hosting failed to start
System.IO.IOException: Failed to bind to address http://127.0.0.1:5092: address already in use.
 ---> Microsoft.AspNetCore.Connections.AddressInUseException: Only one usage of each socket address (protocol/network address/port) is normally permitted.
 ---> System.Net.Sockets.SocketException (10048): Only one usage of each socket address (protocol/network address/port) is normally permitted.
   at System.Net.Sockets.Socket.UpdateStatusAfterSocketErrorAndThrowException(SocketError error, Boolean disconnectOnFailure, String callerName)
   at System.Net.Sockets.Socket.DoBind(EndPoint endPointSnapshot, SocketAddress socketAddress)
   at System.Net.Sockets.Socket.Bind(EndPoint localEP)
   at Microsoft.AspNetCore.Server.Kestrel.Transport.Sockets.SocketTransportOptions.CreateDefaultBoundListenSocket(EndPoint endpoint)
   at Microsoft.AspNetCore.Server.Kestrel.Transport.Sockets.SocketConnectionListener.Bind()
   --- End of inner exception stack trace ---
   at Microsoft.AspNetCore.Server.Kestrel.Transport.Sockets.SocketConnectionListener.Bind()
   at Microsoft.AspNetCore.Server.Kestrel.Transport.Sockets.SocketTransportFactory.BindAsync(EndPoint endpoint, CancellationToken cancellationToken)
   at Microsoft.AspNetCore.Server.Kestrel.Core.Internal.Infrastructure.TransportManager.BindAsync(EndPoint endPoint, ConnectionDelegate connectionDelegate, EndpointConfig endpointConfig, CancellationToken cancellationToken)
   at Microsoft.AspNetCore.Server.Kestrel.Core.KestrelServerImpl.<>c__DisplayClass28_0`1.<<StartAsync>g__OnBind|0>d.MoveNext()
--- End of stack trace from previous location ---
   at Microsoft.AspNetCore.Server.Kestrel.Core.Internal.AddressBinder.BindEndpointAsync(ListenOptions endpoint, AddressBindContext context, CancellationToken cancellationToken)
   --- End of inner exception stack trace ---
   at Microsoft.AspNetCore.Server.Kestrel.Core.Internal.AddressBinder.BindEndpointAsync(ListenOptions endpoint, AddressBindContext context, CancellationToken cancellationToken)
   at Microsoft.AspNetCore.Server.Kestrel.Core.LocalhostListenOptions.BindAsync(AddressBindContext context, CancellationToken cancellationToken)
   at Microsoft.AspNetCore.Server.Kestrel.Core.Internal.AddressBinder.AddressesStrategy.BindAsync(AddressBindContext context, CancellationToken cancellationToken)
   at Microsoft.AspNetCore.Server.Kestrel.Core.Internal.AddressBinder.BindAsync(ListenOptions[] listenOptions, AddressBindContext context, Func`2 useHttps, CancellationToken cancellationToken)
   at Microsoft.AspNetCore.Server.Kestrel.Core.KestrelServerImpl.BindAsync(CancellationToken cancellationToken)
   at Microsoft.AspNetCore.Server.Kestrel.Core.KestrelServerImpl.StartAsync[TContext](IHttpApplication`1 application, CancellationToken cancellationToken)
   at Microsoft.AspNetCore.Hosting.GenericWebHostService.StartAsync(CancellationToken cancellationToken)
   at Microsoft.Extensions.Hosting.Internal.Host.<StartAsync>b__15_1(IHostedService service, CancellationToken token)
   at Microsoft.Extensions.Hosting.Internal.Host.ForeachService[T](IEnumerable`1 services, CancellationToken token, Boolean concurrent, Boolean abortOnFirstException, List`1 exceptions, Func`3 operation)
2026-04-19 23:04:01.764 +05:30 [FTL]  | CorrelationId: | Application terminated unexpectedly
System.IO.IOException: Failed to bind to address http://127.0.0.1:5092: address already in use.
 ---> Microsoft.AspNetCore.Connections.AddressInUseException: Only one usage of each socket address (protocol/network address/port) is normally permitted.
 ---> System.Net.Sockets.SocketException (10048): Only one usage of each socket address (protocol/network address/port) is normally permitted.
   at System.Net.Sockets.Socket.UpdateStatusAfterSocketErrorAndThrowException(SocketError error, Boolean disconnectOnFailure, String callerName)
   at System.Net.Sockets.Socket.DoBind(EndPoint endPointSnapshot, SocketAddress socketAddress)
   at System.Net.Sockets.Socket.Bind(EndPoint localEP)
   at Microsoft.AspNetCore.Server.Kestrel.Transport.Sockets.SocketTransportOptions.CreateDefaultBoundListenSocket(EndPoint endpoint)
   at Microsoft.AspNetCore.Server.Kestrel.Transport.Sockets.SocketConnectionListener.Bind()
   --- End of inner exception stack trace ---
   at Microsoft.AspNetCore.Server.Kestrel.Transport.Sockets.SocketConnectionListener.Bind()
   at Microsoft.AspNetCore.Server.Kestrel.Transport.Sockets.SocketTransportFactory.BindAsync(EndPoint endpoint, CancellationToken cancellationToken)
   at Microsoft.AspNetCore.Server.Kestrel.Core.Internal.Infrastructure.TransportManager.BindAsync(EndPoint endPoint, ConnectionDelegate connectionDelegate, EndpointConfig endpointConfig, CancellationToken cancellationToken)
   at Microsoft.AspNetCore.Server.Kestrel.Core.KestrelServerImpl.<>c__DisplayClass28_0`1.<<StartAsync>g__OnBind|0>d.MoveNext()
--- End of stack trace from previous location ---
   at Microsoft.AspNetCore.Server.Kestrel.Core.Internal.AddressBinder.BindEndpointAsync(ListenOptions endpoint, AddressBindContext context, CancellationToken cancellationToken)
   --- End of inner exception stack trace ---
   at Microsoft.AspNetCore.Server.Kestrel.Core.Internal.AddressBinder.BindEndpointAsync(ListenOptions endpoint, AddressBindContext context, CancellationToken cancellationToken)
   at Microsoft.AspNetCore.Server.Kestrel.Core.LocalhostListenOptions.BindAsync(AddressBindContext context, CancellationToken cancellationToken)
   at Microsoft.AspNetCore.Server.Kestrel.Core.Internal.AddressBinder.AddressesStrategy.BindAsync(AddressBindContext context, CancellationToken cancellationToken)
   at Microsoft.AspNetCore.Server.Kestrel.Core.Internal.AddressBinder.BindAsync(ListenOptions[] listenOptions, AddressBindContext context, Func`2 useHttps, CancellationToken cancellationToken)
   at Microsoft.AspNetCore.Server.Kestrel.Core.KestrelServerImpl.BindAsync(CancellationToken cancellationToken)
   at Microsoft.AspNetCore.Server.Kestrel.Core.KestrelServerImpl.StartAsync[TContext](IHttpApplication`1 application, CancellationToken cancellationToken)
   at Microsoft.AspNetCore.Hosting.GenericWebHostService.StartAsync(CancellationToken cancellationToken)
   at Microsoft.Extensions.Hosting.Internal.Host.<StartAsync>b__15_1(IHostedService service, CancellationToken token)
   at Microsoft.Extensions.Hosting.Internal.Host.ForeachService[T](IEnumerable`1 services, CancellationToken token, Boolean concurrent, Boolean abortOnFirstException, List`1 exceptions, Func`3 operation)
   at Microsoft.Extensions.Hosting.Internal.Host.StartAsync(CancellationToken cancellationToken)
   at Microsoft.Extensions.Hosting.HostingAbstractionsHostExtensions.RunAsync(IHost host, CancellationToken token)
   at Microsoft.Extensions.Hosting.HostingAbstractionsHostExtensions.RunAsync(IHost host, CancellationToken token)
   at Microsoft.Extensions.Hosting.HostingAbstractionsHostExtensions.Run(IHost host)
   at Program.<Main>$(String[] args) in C:\Vitana\Vitana Group\sms-api\Program.cs:line 513
2026-04-19 23:05:42.111 +05:30 [INF]  | CorrelationId: | Using distributed in-memory cache (development only)
2026-04-19 23:05:43.755 +05:30 [WRN] Microsoft.EntityFrameworkCore.Model.Validation | CorrelationId: | Entity 'Staff' has a global query filter defined and is the required end of a relationship with the entity 'Certificate'. This may lead to unexpected results when the required entity is filtered out. Either configure the navigation as optional, or define matching query filters for both entities in the navigation. See https://go.microsoft.com/fwlink/?linkid=2131316 for more information.
2026-04-19 23:05:43.759 +05:30 [WRN] Microsoft.EntityFrameworkCore.Model.Validation | CorrelationId: | Entity 'School' has a global query filter defined and is the required end of a relationship with the entity 'CertificateTemplate'. This may lead to unexpected results when the required entity is filtered out. Either configure the navigation as optional, or define matching query filters for both entities in the navigation. See https://go.microsoft.com/fwlink/?linkid=2131316 for more information.
2026-04-19 23:05:43.765 +05:30 [WRN] Microsoft.EntityFrameworkCore.Model.Validation | CorrelationId: | Entity 'School' has a global query filter defined and is the required end of a relationship with the entity 'Document'. This may lead to unexpected results when the required entity is filtered out. Either configure the navigation as optional, or define matching query filters for both entities in the navigation. See https://go.microsoft.com/fwlink/?linkid=2131316 for more information.
2026-04-19 23:05:43.773 +05:30 [WRN] Microsoft.EntityFrameworkCore.Model.Validation | CorrelationId: | Entity 'School' has a global query filter defined and is the required end of a relationship with the entity 'DocumentCategory'. This may lead to unexpected results when the required entity is filtered out. Either configure the navigation as optional, or define matching query filters for both entities in the navigation. See https://go.microsoft.com/fwlink/?linkid=2131316 for more information.
2026-04-19 23:05:43.781 +05:30 [WRN] Microsoft.EntityFrameworkCore.Model.Validation | CorrelationId: | Entity 'School' has a global query filter defined and is the required end of a relationship with the entity 'FeeAuditLog'. This may lead to unexpected results when the required entity is filtered out. Either configure the navigation as optional, or define matching query filters for both entities in the navigation. See https://go.microsoft.com/fwlink/?linkid=2131316 for more information.
2026-04-19 23:05:43.785 +05:30 [WRN] Microsoft.EntityFrameworkCore.Model.Validation | CorrelationId: | Entity 'School' has a global query filter defined and is the required end of a relationship with the entity 'Holiday'. This may lead to unexpected results when the required entity is filtered out. Either configure the navigation as optional, or define matching query filters for both entities in the navigation. See https://go.microsoft.com/fwlink/?linkid=2131316 for more information.
2026-04-19 23:05:43.790 +05:30 [WRN] Microsoft.EntityFrameworkCore.Model.Validation | CorrelationId: | Entity 'School' has a global query filter defined and is the required end of a relationship with the entity 'IDCard'. This may lead to unexpected results when the required entity is filtered out. Either configure the navigation as optional, or define matching query filters for both entities in the navigation. See https://go.microsoft.com/fwlink/?linkid=2131316 for more information.
2026-04-19 23:05:43.792 +05:30 [WRN] Microsoft.EntityFrameworkCore.Model.Validation | CorrelationId: | Entity 'School' has a global query filter defined and is the required end of a relationship with the entity 'IDCardTemplate'. This may lead to unexpected results when the required entity is filtered out. Either configure the navigation as optional, or define matching query filters for both entities in the navigation. See https://go.microsoft.com/fwlink/?linkid=2131316 for more information.
2026-04-19 23:05:43.795 +05:30 [WRN] Microsoft.EntityFrameworkCore.Model.Validation | CorrelationId: | Entity 'UserLogin' has a global query filter defined and is the required end of a relationship with the entity 'PasswordResetToken'. This may lead to unexpected results when the required entity is filtered out. Either configure the navigation as optional, or define matching query filters for both entities in the navigation. See https://go.microsoft.com/fwlink/?linkid=2131316 for more information.
2026-04-19 23:05:43.801 +05:30 [WRN] Microsoft.EntityFrameworkCore.Model.Validation | CorrelationId: | Entity 'School' has a global query filter defined and is the required end of a relationship with the entity 'PromotionHistory'. This may lead to unexpected results when the required entity is filtered out. Either configure the navigation as optional, or define matching query filters for both entities in the navigation. See https://go.microsoft.com/fwlink/?linkid=2131316 for more information.
2026-04-19 23:05:43.887 +05:30 [WRN] Microsoft.EntityFrameworkCore.Model.Validation | CorrelationId: | The foreign key property 'Staff.ReportingToId1' was created in shadow state because a conflicting property with the simple name 'ReportingToId' exists in the entity type, but is either not mapped, is already used for another relationship, or is incompatible with the associated primary key type. See https://aka.ms/efcore-relationships for information on mapping relationships in EF Core.
2026-04-19 23:05:44.899 +05:30 [INF] Program | CorrelationId: | Database migrations applied successfully.
2026-04-19 23:05:45.636 +05:30 [INF] Microsoft.Hosting.Lifetime | CorrelationId: | Now listening on: http://localhost:5092
2026-04-19 23:05:45.640 +05:30 [INF] Microsoft.Hosting.Lifetime | CorrelationId: | Application started. Press Ctrl+C to shut down.
2026-04-19 23:05:45.642 +05:30 [INF] Microsoft.Hosting.Lifetime | CorrelationId: | Hosting environment: Development
2026-04-19 23:05:45.646 +05:30 [INF] Microsoft.Hosting.Lifetime | CorrelationId: | Content root path: C:\Vitana\Vitana Group\sms-api
2026-04-19 23:06:00.843 +05:30 [WRN] Microsoft.AspNetCore.HttpsPolicy.HttpsRedirectionMiddleware | CorrelationId:c75913a6154a44c3bb82a57a9dd2a3e1 | Failed to determine the https port for redirect.
2026-04-19 23:06:00.941 +05:30 [INF] SmsApi.Middleware.LoggingActionFilter | CorrelationId:c75913a6154a44c3bb82a57a9dd2a3e1 | API Request: POST /api/auth/login | User: Unknown | School: Unknown
2026-04-19 23:06:01.874 +05:30 [INF] SmsApi.Controllers.AuthController | CorrelationId:c75913a6154a44c3bb82a57a9dd2a3e1 | Login successful for admin (SchoolId: "550e8400-e29b-41d4-a716-446655440000")
2026-04-19 23:06:01.878 +05:30 [INF] SmsApi.Middleware.LoggingActionFilter | CorrelationId:c75913a6154a44c3bb82a57a9dd2a3e1 | API Response: POST /api/auth/login | Status: 200 | Duration: 937ms
2026-04-19 23:06:01.981 +05:30 [INF] Serilog.AspNetCore.RequestLoggingMiddleware | CorrelationId:c75913a6154a44c3bb82a57a9dd2a3e1 | HTTP POST /api/auth/login responded 200 in 1147.7208 ms
2026-04-19 23:06:01.984 +05:30 [WRN] SmsApi.Infrastructure.Performance.PerformanceMonitoringMiddleware | CorrelationId: | Slow request: POST /api/auth/login took 1082ms — status 200.
2026-04-19 23:06:02.088 +05:30 [INF] SmsApi.Middleware.LoggingActionFilter | CorrelationId:eb3fab9324b044a7800bcf71718f8c42 | API Request: POST /api/VisitorManagement/visitors | User: Unknown | School: 550e8400-e29b-41d4-a716-446655440000
2026-04-19 23:06:02.130 +05:30 [INF] SmsApi.Middleware.LoggingActionFilter | CorrelationId:eb3fab9324b044a7800bcf71718f8c42 | API Response: POST /api/VisitorManagement/visitors | Status: 200 | Duration: 41ms
2026-04-19 23:06:02.147 +05:30 [INF] Serilog.AspNetCore.RequestLoggingMiddleware | CorrelationId:eb3fab9324b044a7800bcf71718f8c42 | HTTP POST /api/VisitorManagement/visitors responded 400 in 101.9402 ms
2026-04-19 23:06:02.182 +05:30 [INF] SmsApi.Middleware.LoggingActionFilter | CorrelationId:2c51c269afaa42dead72fb0708fe389b | API Request: POST /api/VisitorManagement/visitors | User: Unknown | School: 550e8400-e29b-41d4-a716-446655440000
2026-04-19 23:06:02.191 +05:30 [INF] SmsApi.Middleware.LoggingActionFilter | CorrelationId:2c51c269afaa42dead72fb0708fe389b | API Response: POST /api/VisitorManagement/visitors | Status: 200 | Duration: 8ms
2026-04-19 23:06:02.198 +05:30 [INF] Serilog.AspNetCore.RequestLoggingMiddleware | CorrelationId:2c51c269afaa42dead72fb0708fe389b | HTTP POST /api/VisitorManagement/visitors responded 400 in 21.2522 ms
2026-04-19 23:06:02.221 +05:30 [INF] SmsApi.Middleware.LoggingActionFilter | CorrelationId:2a2757f3777e44cfb1efc5dd753b492a | API Request: GET /api/VisitorManagement/visitors | User: Unknown | School: 550e8400-e29b-41d4-a716-446655440000
2026-04-19 23:06:02.258 +05:30 [INF] SmsApi.Middleware.LoggingActionFilter | CorrelationId:2a2757f3777e44cfb1efc5dd753b492a | API Response: GET /api/VisitorManagement/visitors | Status: 200 | Duration: 36ms
2026-04-19 23:06:02.271 +05:30 [INF] Serilog.AspNetCore.RequestLoggingMiddleware | CorrelationId:2a2757f3777e44cfb1efc5dd753b492a | HTTP GET /api/VisitorManagement/visitors responded 200 in 62.3044 ms
2026-04-19 23:06:02.312 +05:30 [INF] Serilog.AspNetCore.RequestLoggingMiddleware | CorrelationId:daaf03c78e6f447ba532ab98d4c6e4d1 | HTTP POST /api/VisitorManagement/check-in responded 400 in 21.5915 ms
2026-04-19 23:06:02.321 +05:30 [INF] Serilog.AspNetCore.RequestLoggingMiddleware | CorrelationId:e77ab64da17648348e2d564c6fcc6d32 | HTTP POST /api/VisitorManagement/check-in responded 400 in 3.4307 ms
2026-04-19 23:06:02.331 +05:30 [INF] SmsApi.Middleware.LoggingActionFilter | CorrelationId:90859c1014044b33870e5f3df76a138c | API Request: GET /api/VisitorManagement/active | User: Unknown | School: 550e8400-e29b-41d4-a716-446655440000
2026-04-19 23:06:02.396 +05:30 [INF] SmsApi.Middleware.LoggingActionFilter | CorrelationId:90859c1014044b33870e5f3df76a138c | API Response: GET /api/VisitorManagement/active | Status: 200 | Duration: 65ms
2026-04-19 23:06:02.402 +05:30 [INF] Serilog.AspNetCore.RequestLoggingMiddleware | CorrelationId:90859c1014044b33870e5f3df76a138c | HTTP GET /api/VisitorManagement/active responded 200 in 74.0223 ms
2026-04-19 23:06:02.423 +05:30 [INF] SmsApi.Middleware.LoggingActionFilter | CorrelationId:d1cc7da8316f4b2c9b9f8a808eb234c3 | API Request: GET /api/VisitorManagement/logs | User: Unknown | School: 550e8400-e29b-41d4-a716-446655440000
2026-04-19 23:06:02.486 +05:30 [INF] SmsApi.Middleware.LoggingActionFilter | CorrelationId:d1cc7da8316f4b2c9b9f8a808eb234c3 | API Response: GET /api/VisitorManagement/logs | Status: 200 | Duration: 62ms
2026-04-19 23:06:02.491 +05:30 [INF] Serilog.AspNetCore.RequestLoggingMiddleware | CorrelationId:d1cc7da8316f4b2c9b9f8a808eb234c3 | HTTP GET /api/VisitorManagement/logs responded 200 in 70.1088 ms
2026-04-19 23:06:02.509 +05:30 [INF] SmsApi.Middleware.LoggingActionFilter | CorrelationId:4db6bbd6e4bc455c9322c2044dcbc1da | API Request: POST /api/VisitorManagement/visitors | User: Unknown | School: 550e8400-e29b-41d4-a716-446655440000
2026-04-19 23:06:02.514 +05:30 [INF] SmsApi.Middleware.LoggingActionFilter | CorrelationId:4db6bbd6e4bc455c9322c2044dcbc1da | API Response: POST /api/VisitorManagement/visitors | Status: 200 | Duration: 4ms
2026-04-19 23:06:02.517 +05:30 [INF] Serilog.AspNetCore.RequestLoggingMiddleware | CorrelationId:4db6bbd6e4bc455c9322c2044dcbc1da | HTTP POST /api/VisitorManagement/visitors responded 400 in 9.7267 ms
2026-04-19 23:06:02.527 +05:30 [INF] Serilog.AspNetCore.RequestLoggingMiddleware | CorrelationId:5f52deb1f88346269cdab1a5849dded8 | HTTP POST /api/VisitorManagement/visitors responded 400 in 4.4109 ms
2026-04-19 23:06:02.533 +05:30 [INF] SmsApi.Middleware.LoggingActionFilter | CorrelationId:3d890c21cb8d42bb90d086cd16604490 | API Request: GET /api/VisitorManagement/visitors | User: Unknown | School: 550e8400-e29b-41d4-a716-446655440000
2026-04-19 23:06:02.538 +05:30 [INF] SmsApi.Middleware.LoggingActionFilter | CorrelationId:3d890c21cb8d42bb90d086cd16604490 | API Response: GET /api/VisitorManagement/visitors | Status: 200 | Duration: 5ms
2026-04-19 23:06:02.542 +05:30 [INF] Serilog.AspNetCore.RequestLoggingMiddleware | CorrelationId:3d890c21cb8d42bb90d086cd16604490 | HTTP GET /api/VisitorManagement/visitors responded 200 in 9.5951 ms
2026-04-19 23:06:02.573 +05:30 [INF] SmsApi.Middleware.LoggingActionFilter | CorrelationId:cc7b3a1c458249969a27dc0a5f30cdd8 | API Request: GET /api/VisitorManagement/visitors/00000000-0000-0000-0000-000000000000 | User: Unknown | School: 550e8400-e29b-41d4-a716-446655440000
2026-04-19 23:06:02.582 +05:30 [INF] SmsApi.Middleware.LoggingActionFilter | CorrelationId:cc7b3a1c458249969a27dc0a5f30cdd8 | API Response: GET /api/VisitorManagement/visitors/00000000-0000-0000-0000-000000000000 | Status: 200 | Duration: 9ms
2026-04-19 23:06:02.588 +05:30 [INF] Serilog.AspNetCore.RequestLoggingMiddleware | CorrelationId:cc7b3a1c458249969a27dc0a5f30cdd8 | HTTP GET /api/VisitorManagement/visitors/00000000-0000-0000-0000-000000000000 responded 404 in 19.9523 ms
2026-04-19 23:06:02.598 +05:30 [INF] SmsApi.Middleware.LoggingActionFilter | CorrelationId:93e735be1ebc4d588aefbb7019bcb97a | API Request: POST /api/VisitorManagement/logs/00000000-0000-0000-0000-000000000000/check-out | User: Unknown | School: 550e8400-e29b-41d4-a716-446655440000
2026-04-19 23:06:02.640 +05:30 [INF] SmsApi.Middleware.LoggingActionFilter | CorrelationId:93e735be1ebc4d588aefbb7019bcb97a | API Response: POST /api/VisitorManagement/logs/00000000-0000-0000-0000-000000000000/check-out | Status: 200 | Duration: 41ms
2026-04-19 23:06:02.652 +05:30 [INF] Serilog.AspNetCore.RequestLoggingMiddleware | CorrelationId:93e735be1ebc4d588aefbb7019bcb97a | HTTP POST /api/VisitorManagement/logs/00000000-0000-0000-0000-000000000000/check-out responded 404 in 57.3017 ms
2026-04-19 23:06:02.663 +05:30 [INF] Serilog.AspNetCore.RequestLoggingMiddleware | CorrelationId:6017c0c5778e48828f80e0be33e00048 | HTTP GET /api/VisitorManagement/visitors responded 401 in 2.6520 ms
2026-04-19 23:08:05.035 +05:30 [INF]  | CorrelationId: | Using distributed in-memory cache (development only)
2026-04-19 23:08:06.638 +05:30 [WRN] Microsoft.EntityFrameworkCore.Model.Validation | CorrelationId: | Entity 'Staff' has a global query filter defined and is the required end of a relationship with the entity 'Certificate'. This may lead to unexpected results when the required entity is filtered out. Either configure the navigation as optional, or define matching query filters for both entities in the navigation. See https://go.microsoft.com/fwlink/?linkid=2131316 for more information.
2026-04-19 23:08:06.641 +05:30 [WRN] Microsoft.EntityFrameworkCore.Model.Validation | CorrelationId: | Entity 'School' has a global query filter defined and is the required end of a relationship with the entity 'CertificateTemplate'. This may lead to unexpected results when the required entity is filtered out. Either configure the navigation as optional, or define matching query filters for both entities in the navigation. See https://go.microsoft.com/fwlink/?linkid=2131316 for more information.
2026-04-19 23:08:06.642 +05:30 [WRN] Microsoft.EntityFrameworkCore.Model.Validation | CorrelationId: | Entity 'School' has a global query filter defined and is the required end of a relationship with the entity 'Document'. This may lead to unexpected results when the required entity is filtered out. Either configure the navigation as optional, or define matching query filters for both entities in the navigation. See https://go.microsoft.com/fwlink/?linkid=2131316 for more information.
2026-04-19 23:08:06.645 +05:30 [WRN] Microsoft.EntityFrameworkCore.Model.Validation | CorrelationId: | Entity 'School' has a global query filter defined and is the required end of a relationship with the entity 'DocumentCategory'. This may lead to unexpected results when the required entity is filtered out. Either configure the navigation as optional, or define matching query filters for both entities in the navigation. See https://go.microsoft.com/fwlink/?linkid=2131316 for more information.
2026-04-19 23:08:06.649 +05:30 [WRN] Microsoft.EntityFrameworkCore.Model.Validation | CorrelationId: | Entity 'School' has a global query filter defined and is the required end of a relationship with the entity 'FeeAuditLog'. This may lead to unexpected results when the required entity is filtered out. Either configure the navigation as optional, or define matching query filters for both entities in the navigation. See https://go.microsoft.com/fwlink/?linkid=2131316 for more information.
2026-04-19 23:08:06.651 +05:30 [WRN] Microsoft.EntityFrameworkCore.Model.Validation | CorrelationId: | Entity 'School' has a global query filter defined and is the required end of a relationship with the entity 'Holiday'. This may lead to unexpected results when the required entity is filtered out. Either configure the navigation as optional, or define matching query filters for both entities in the navigation. See https://go.microsoft.com/fwlink/?linkid=2131316 for more information.
2026-04-19 23:08:06.653 +05:30 [WRN] Microsoft.EntityFrameworkCore.Model.Validation | CorrelationId: | Entity 'School' has a global query filter defined and is the required end of a relationship with the entity 'IDCard'. This may lead to unexpected results when the required entity is filtered out. Either configure the navigation as optional, or define matching query filters for both entities in the navigation. See https://go.microsoft.com/fwlink/?linkid=2131316 for more information.
2026-04-19 23:08:06.656 +05:30 [WRN] Microsoft.EntityFrameworkCore.Model.Validation | CorrelationId: | Entity 'School' has a global query filter defined and is the required end of a relationship with the entity 'IDCardTemplate'. This may lead to unexpected results when the required entity is filtered out. Either configure the navigation as optional, or define matching query filters for both entities in the navigation. See https://go.microsoft.com/fwlink/?linkid=2131316 for more information.
2026-04-19 23:08:06.658 +05:30 [WRN] Microsoft.EntityFrameworkCore.Model.Validation | CorrelationId: | Entity 'UserLogin' has a global query filter defined and is the required end of a relationship with the entity 'PasswordResetToken'. This may lead to unexpected results when the required entity is filtered out. Either configure the navigation as optional, or define matching query filters for both entities in the navigation. See https://go.microsoft.com/fwlink/?linkid=2131316 for more information.
2026-04-19 23:08:06.660 +05:30 [WRN] Microsoft.EntityFrameworkCore.Model.Validation | CorrelationId: | Entity 'School' has a global query filter defined and is the required end of a relationship with the entity 'PromotionHistory'. This may lead to unexpected results when the required entity is filtered out. Either configure the navigation as optional, or define matching query filters for both entities in the navigation. See https://go.microsoft.com/fwlink/?linkid=2131316 for more information.
2026-04-19 23:08:06.731 +05:30 [WRN] Microsoft.EntityFrameworkCore.Model.Validation | CorrelationId: | The foreign key property 'Staff.ReportingToId1' was created in shadow state because a conflicting property with the simple name 'ReportingToId' exists in the entity type, but is either not mapped, is already used for another relationship, or is incompatible with the associated primary key type. See https://aka.ms/efcore-relationships for information on mapping relationships in EF Core.
2026-04-19 23:08:07.727 +05:30 [INF] Program | CorrelationId: | Database migrations applied successfully.
2026-04-19 23:08:08.466 +05:30 [INF] Microsoft.Hosting.Lifetime | CorrelationId: | Now listening on: http://localhost:5092
2026-04-19 23:08:08.468 +05:30 [INF] Microsoft.Hosting.Lifetime | CorrelationId: | Application started. Press Ctrl+C to shut down.
2026-04-19 23:08:08.469 +05:30 [INF] Microsoft.Hosting.Lifetime | CorrelationId: | Hosting environment: Development
2026-04-19 23:08:08.473 +05:30 [INF] Microsoft.Hosting.Lifetime | CorrelationId: | Content root path: C:\Vitana\Vitana Group\sms-api
2026-04-19 23:08:24.599 +05:30 [WRN] Microsoft.AspNetCore.HttpsPolicy.HttpsRedirectionMiddleware | CorrelationId:c313f54a46fa4f4897c3bafce058888e | Failed to determine the https port for redirect.
2026-04-19 23:08:24.690 +05:30 [INF] SmsApi.Middleware.LoggingActionFilter | CorrelationId:c313f54a46fa4f4897c3bafce058888e | API Request: POST /api/auth/login | User: Unknown | School: Unknown
2026-04-19 23:08:25.773 +05:30 [INF] SmsApi.Controllers.AuthController | CorrelationId:c313f54a46fa4f4897c3bafce058888e | Login successful for admin (SchoolId: "550e8400-e29b-41d4-a716-446655440000")
2026-04-19 23:08:25.776 +05:30 [INF] SmsApi.Middleware.LoggingActionFilter | CorrelationId:c313f54a46fa4f4897c3bafce058888e | API Response: POST /api/auth/login | Status: 200 | Duration: 1087ms
2026-04-19 23:08:25.856 +05:30 [INF] Serilog.AspNetCore.RequestLoggingMiddleware | CorrelationId:c313f54a46fa4f4897c3bafce058888e | HTTP POST /api/auth/login responded 200 in 1267.5342 ms
2026-04-19 23:08:25.861 +05:30 [WRN] SmsApi.Infrastructure.Performance.PerformanceMonitoringMiddleware | CorrelationId: | Slow request: POST /api/auth/login took 1222ms — status 200.
2026-04-19 23:08:25.955 +05:30 [INF] SmsApi.Middleware.LoggingActionFilter | CorrelationId:ff771956b73f4a78987a65e5b93c5a6b | API Request: POST /api/VisitorManagement/visitors | User: Unknown | School: 550e8400-e29b-41d4-a716-446655440000
2026-04-19 23:08:25.993 +05:30 [INF] SmsApi.Middleware.LoggingActionFilter | CorrelationId:ff771956b73f4a78987a65e5b93c5a6b | API Response: POST /api/VisitorManagement/visitors | Status: 200 | Duration: 37ms
2026-04-19 23:08:26.006 +05:30 [INF] Serilog.AspNetCore.RequestLoggingMiddleware | CorrelationId:ff771956b73f4a78987a65e5b93c5a6b | HTTP POST /api/VisitorManagement/visitors responded 400 in 92.9529 ms
2026-04-19 23:08:26.047 +05:30 [INF] SmsApi.Middleware.LoggingActionFilter | CorrelationId:45594ab67d394602b64ca7e9a33edc59 | API Request: POST /api/VisitorManagement/visitors | User: Unknown | School: 550e8400-e29b-41d4-a716-446655440000
2026-04-19 23:08:26.054 +05:30 [INF] SmsApi.Middleware.LoggingActionFilter | CorrelationId:45594ab67d394602b64ca7e9a33edc59 | API Response: POST /api/VisitorManagement/visitors | Status: 200 | Duration: 6ms
2026-04-19 23:08:26.059 +05:30 [INF] Serilog.AspNetCore.RequestLoggingMiddleware | CorrelationId:45594ab67d394602b64ca7e9a33edc59 | HTTP POST /api/VisitorManagement/visitors responded 400 in 16.0142 ms
2026-04-19 23:08:26.076 +05:30 [INF] SmsApi.Middleware.LoggingActionFilter | CorrelationId:9c05729293d54c91af9225ee88e83d44 | API Request: GET /api/VisitorManagement/visitors | User: Unknown | School: 550e8400-e29b-41d4-a716-446655440000
2026-04-19 23:08:26.110 +05:30 [INF] SmsApi.Middleware.LoggingActionFilter | CorrelationId:9c05729293d54c91af9225ee88e83d44 | API Response: GET /api/VisitorManagement/visitors | Status: 200 | Duration: 33ms
2026-04-19 23:08:26.127 +05:30 [INF] Serilog.AspNetCore.RequestLoggingMiddleware | CorrelationId:9c05729293d54c91af9225ee88e83d44 | HTTP GET /api/VisitorManagement/visitors responded 200 in 60.4830 ms
2026-04-19 23:08:26.168 +05:30 [INF] Serilog.AspNetCore.RequestLoggingMiddleware | CorrelationId:c86fb46a29d04b0fbd000ad30158153a | HTTP POST /api/VisitorManagement/check-in responded 400 in 18.5676 ms
2026-04-19 23:08:26.179 +05:30 [INF] Serilog.AspNetCore.RequestLoggingMiddleware | CorrelationId:935553f8e75b48b7b991f854bce0b8f4 | HTTP POST /api/VisitorManagement/check-in responded 400 in 4.2964 ms
2026-04-19 23:08:26.189 +05:30 [INF] SmsApi.Middleware.LoggingActionFilter | CorrelationId:237ddb0a667a4b3e9941866ee041018d | API Request: GET /api/VisitorManagement/active | User: Unknown | School: 550e8400-e29b-41d4-a716-446655440000
2026-04-19 23:08:26.251 +05:30 [INF] SmsApi.Middleware.LoggingActionFilter | CorrelationId:237ddb0a667a4b3e9941866ee041018d | API Response: GET /api/VisitorManagement/active | Status: 200 | Duration: 62ms
2026-04-19 23:08:26.256 +05:30 [INF] Serilog.AspNetCore.RequestLoggingMiddleware | CorrelationId:237ddb0a667a4b3e9941866ee041018d | HTTP GET /api/VisitorManagement/active responded 200 in 69.6272 ms
2026-04-19 23:08:26.269 +05:30 [INF] SmsApi.Middleware.LoggingActionFilter | CorrelationId:492248ff0c00480b8de00cf5b0998d04 | API Request: GET /api/VisitorManagement/logs | User: Unknown | School: 550e8400-e29b-41d4-a716-446655440000
2026-04-19 23:08:26.325 +05:30 [INF] SmsApi.Middleware.LoggingActionFilter | CorrelationId:492248ff0c00480b8de00cf5b0998d04 | API Response: GET /api/VisitorManagement/logs | Status: 200 | Duration: 56ms
2026-04-19 23:08:26.329 +05:30 [INF] Serilog.AspNetCore.RequestLoggingMiddleware | CorrelationId:492248ff0c00480b8de00cf5b0998d04 | HTTP GET /api/VisitorManagement/logs responded 200 in 63.7245 ms
2026-04-19 23:08:26.344 +05:30 [INF] SmsApi.Middleware.LoggingActionFilter | CorrelationId:5658f316767a46739be93839c7e822fe | API Request: POST /api/VisitorManagement/visitors | User: Unknown | School: 550e8400-e29b-41d4-a716-446655440000
2026-04-19 23:08:26.349 +05:30 [INF] SmsApi.Middleware.LoggingActionFilter | CorrelationId:5658f316767a46739be93839c7e822fe | API Response: POST /api/VisitorManagement/visitors | Status: 200 | Duration: 4ms
2026-04-19 23:08:26.353 +05:30 [INF] Serilog.AspNetCore.RequestLoggingMiddleware | CorrelationId:5658f316767a46739be93839c7e822fe | HTTP POST /api/VisitorManagement/visitors responded 400 in 9.7810 ms
2026-04-19 23:08:26.360 +05:30 [INF] Serilog.AspNetCore.RequestLoggingMiddleware | CorrelationId:acffa548ff7b4fd89c8c5b02fdcf64b0 | HTTP POST /api/VisitorManagement/visitors responded 400 in 3.1434 ms
2026-04-19 23:08:26.366 +05:30 [INF] SmsApi.Middleware.LoggingActionFilter | CorrelationId:89c6cebbd2334ad78bd89e4270240aaf | API Request: GET /api/VisitorManagement/visitors | User: Unknown | School: 550e8400-e29b-41d4-a716-446655440000
2026-04-19 23:08:26.371 +05:30 [INF] SmsApi.Middleware.LoggingActionFilter | CorrelationId:89c6cebbd2334ad78bd89e4270240aaf | API Response: GET /api/VisitorManagement/visitors | Status: 200 | Duration: 4ms
2026-04-19 23:08:26.373 +05:30 [INF] Serilog.AspNetCore.RequestLoggingMiddleware | CorrelationId:89c6cebbd2334ad78bd89e4270240aaf | HTTP GET /api/VisitorManagement/visitors responded 200 in 7.2913 ms
2026-04-19 23:08:26.399 +05:30 [INF] SmsApi.Middleware.LoggingActionFilter | CorrelationId:2360de8acb4f42caa753142414fed7fa | API Request: GET /api/VisitorManagement/visitors/00000000-0000-0000-0000-000000000000 | User: Unknown | School: 550e8400-e29b-41d4-a716-446655440000
2026-04-19 23:08:26.409 +05:30 [INF] SmsApi.Middleware.LoggingActionFilter | CorrelationId:2360de8acb4f42caa753142414fed7fa | API Response: GET /api/VisitorManagement/visitors/00000000-0000-0000-0000-000000000000 | Status: 200 | Duration: 10ms
2026-04-19 23:08:26.415 +05:30 [INF] Serilog.AspNetCore.RequestLoggingMiddleware | CorrelationId:2360de8acb4f42caa753142414fed7fa | HTTP GET /api/VisitorManagement/visitors/00000000-0000-0000-0000-000000000000 responded 404 in 19.5287 ms
2026-04-19 23:08:26.426 +05:30 [INF] SmsApi.Middleware.LoggingActionFilter | CorrelationId:7af23ef1ac0a4366a602d57d38f35f7a | API Request: POST /api/VisitorManagement/logs/00000000-0000-0000-0000-000000000000/check-out | User: Unknown | School: 550e8400-e29b-41d4-a716-446655440000
2026-04-19 23:08:26.457 +05:30 [INF] SmsApi.Middleware.LoggingActionFilter | CorrelationId:7af23ef1ac0a4366a602d57d38f35f7a | API Response: POST /api/VisitorManagement/logs/00000000-0000-0000-0000-000000000000/check-out | Status: 200 | Duration: 31ms
2026-04-19 23:08:26.462 +05:30 [INF] Serilog.AspNetCore.RequestLoggingMiddleware | CorrelationId:7af23ef1ac0a4366a602d57d38f35f7a | HTTP POST /api/VisitorManagement/logs/00000000-0000-0000-0000-000000000000/check-out responded 404 in 40.4282 ms
2026-04-19 23:08:26.471 +05:30 [INF] Serilog.AspNetCore.RequestLoggingMiddleware | CorrelationId:3ab49ae3785d46c1a80efbcfc373f5d0 | HTTP GET /api/VisitorManagement/visitors responded 401 in 3.3666 ms
2026-04-19 23:08:38.509 +05:30 [INF] Serilog.AspNetCore.RequestLoggingMiddleware | CorrelationId:6090677d65c24292a6e4a5bb9df7c39a | HTTP POST /api/auth/login responded 400 in 9.4413 ms
2026-04-19 23:08:38.727 +05:30 [INF] Serilog.AspNetCore.RequestLoggingMiddleware | CorrelationId:559137be49c34e5298bd6106ac3c800f | HTTP POST /api/VisitorManagement/visitors responded 401 in 0.3196 ms
2026-04-19 23:08:46.626 +05:30 [INF] SmsApi.Middleware.LoggingActionFilter | CorrelationId:329681828c524954abff7a371ef6a51e | API Request: POST /api/auth/login | User: Unknown | School: Unknown
2026-04-19 23:08:47.103 +05:30 [INF] SmsApi.Controllers.AuthController | CorrelationId:329681828c524954abff7a371ef6a51e | Login successful for admin (SchoolId: "550e8400-e29b-41d4-a716-446655440000")
2026-04-19 23:08:47.105 +05:30 [INF] SmsApi.Middleware.LoggingActionFilter | CorrelationId:329681828c524954abff7a371ef6a51e | API Response: POST /api/auth/login | Status: 200 | Duration: 479ms
2026-04-19 23:08:47.108 +05:30 [INF] Serilog.AspNetCore.RequestLoggingMiddleware | CorrelationId:329681828c524954abff7a371ef6a51e | HTTP POST /api/auth/login responded 200 in 485.1287 ms
2026-04-19 23:08:51.408 +05:30 [INF] SmsApi.Middleware.LoggingActionFilter | CorrelationId:f53cf83ab93b4e80af120a42b22d0119 | API Request: POST /api/auth/login | User: Unknown | School: Unknown
2026-04-19 23:08:51.878 +05:30 [INF] SmsApi.Controllers.AuthController | CorrelationId:f53cf83ab93b4e80af120a42b22d0119 | Login successful for admin (SchoolId: "550e8400-e29b-41d4-a716-446655440000")
2026-04-19 23:08:51.881 +05:30 [INF] SmsApi.Middleware.LoggingActionFilter | CorrelationId:f53cf83ab93b4e80af120a42b22d0119 | API Response: POST /api/auth/login | Status: 200 | Duration: 472ms
2026-04-19 23:08:51.887 +05:30 [INF] Serilog.AspNetCore.RequestLoggingMiddleware | CorrelationId:f53cf83ab93b4e80af120a42b22d0119 | HTTP POST /api/auth/login responded 200 in 479.7472 ms
2026-04-19 23:08:51.899 +05:30 [INF] SmsApi.Middleware.LoggingActionFilter | CorrelationId:9200df681e7a4d16a792a8f1c4d13263 | API Request: POST /api/VisitorManagement/visitors | User: Unknown | School: 550e8400-e29b-41d4-a716-446655440000
2026-04-19 23:08:51.904 +05:30 [INF] SmsApi.Middleware.LoggingActionFilter | CorrelationId:9200df681e7a4d16a792a8f1c4d13263 | API Response: POST /api/VisitorManagement/visitors | Status: 200 | Duration: 5ms
2026-04-19 23:08:51.910 +05:30 [INF] Serilog.AspNetCore.RequestLoggingMiddleware | CorrelationId:9200df681e7a4d16a792a8f1c4d13263 | HTTP POST /api/VisitorManagement/visitors responded 400 in 13.0458 ms
2026-04-19 23:08:56.761 +05:30 [INF] SmsApi.Middleware.LoggingActionFilter | CorrelationId:56671f036ab2411abee81d59f6ab8892 | API Request: POST /api/auth/login | User: Unknown | School: Unknown
2026-04-19 23:08:57.236 +05:30 [INF] SmsApi.Controllers.AuthController | CorrelationId:56671f036ab2411abee81d59f6ab8892 | Login successful for admin (SchoolId: "550e8400-e29b-41d4-a716-446655440000")
2026-04-19 23:08:57.237 +05:30 [INF] SmsApi.Middleware.LoggingActionFilter | CorrelationId:56671f036ab2411abee81d59f6ab8892 | API Response: POST /api/auth/login | Status: 200 | Duration: 475ms
2026-04-19 23:08:57.242 +05:30 [INF] Serilog.AspNetCore.RequestLoggingMiddleware | CorrelationId:56671f036ab2411abee81d59f6ab8892 | HTTP POST /api/auth/login responded 200 in 481.0843 ms
2026-04-19 23:08:57.255 +05:30 [INF] SmsApi.Middleware.LoggingActionFilter | CorrelationId:4971f4021584482791247c62e7e8cd89 | API Request: POST /api/VisitorManagement/visitors | User: Unknown | School: 550e8400-e29b-41d4-a716-446655440000
2026-04-19 23:08:57.258 +05:30 [INF] SmsApi.Middleware.LoggingActionFilter | CorrelationId:4971f4021584482791247c62e7e8cd89 | API Response: POST /api/VisitorManagement/visitors | Status: 200 | Duration: 3ms
2026-04-19 23:08:57.265 +05:30 [INF] Serilog.AspNetCore.RequestLoggingMiddleware | CorrelationId:4971f4021584482791247c62e7e8cd89 | HTTP POST /api/VisitorManagement/visitors responded 400 in 11.1915 ms
2026-04-19 23:09:01.931 +05:30 [INF] SmsApi.Middleware.LoggingActionFilter | CorrelationId:095204c4dfc74cf39ed689832f319c5c | API Request: POST /api/auth/login | User: Unknown | School: Unknown
2026-04-19 23:09:02.392 +05:30 [INF] SmsApi.Controllers.AuthController | CorrelationId:095204c4dfc74cf39ed689832f319c5c | Login successful for admin (SchoolId: "550e8400-e29b-41d4-a716-446655440000")
2026-04-19 23:09:02.394 +05:30 [INF] SmsApi.Middleware.LoggingActionFilter | CorrelationId:095204c4dfc74cf39ed689832f319c5c | API Response: POST /api/auth/login | Status: 200 | Duration: 462ms
2026-04-19 23:09:02.401 +05:30 [INF] Serilog.AspNetCore.RequestLoggingMiddleware | CorrelationId:095204c4dfc74cf39ed689832f319c5c | HTTP POST /api/auth/login responded 200 in 470.7364 ms
2026-04-19 23:09:02.416 +05:30 [INF] SmsApi.Middleware.LoggingActionFilter | CorrelationId:0750acc99a354d4a82af98ba8f3c634e | API Request: POST /api/VisitorManagement/visitors | User: Unknown | School: 550e8400-e29b-41d4-a716-446655440000
2026-04-19 23:09:02.420 +05:30 [INF] SmsApi.Middleware.LoggingActionFilter | CorrelationId:0750acc99a354d4a82af98ba8f3c634e | API Response: POST /api/VisitorManagement/visitors | Status: 200 | Duration: 3ms
2026-04-19 23:09:02.425 +05:30 [INF] Serilog.AspNetCore.RequestLoggingMiddleware | CorrelationId:0750acc99a354d4a82af98ba8f3c634e | HTTP POST /api/VisitorManagement/visitors responded 400 in 10.0224 ms
2026-04-19 23:09:36.839 +05:30 [INF] SmsApi.Middleware.LoggingActionFilter | CorrelationId:7737c307e613480fa84a4188a9d956db | API Request: POST /api/auth/login | User: Unknown | School: Unknown
2026-04-19 23:09:37.305 +05:30 [INF] SmsApi.Controllers.AuthController | CorrelationId:7737c307e613480fa84a4188a9d956db | Login successful for admin (SchoolId: "550e8400-e29b-41d4-a716-446655440000")
2026-04-19 23:09:37.306 +05:30 [INF] SmsApi.Middleware.LoggingActionFilter | CorrelationId:7737c307e613480fa84a4188a9d956db | API Response: POST /api/auth/login | Status: 200 | Duration: 467ms
2026-04-19 23:09:37.310 +05:30 [INF] Serilog.AspNetCore.RequestLoggingMiddleware | CorrelationId:7737c307e613480fa84a4188a9d956db | HTTP POST /api/auth/login responded 200 in 472.3131 ms
2026-04-19 23:09:37.344 +05:30 [INF] SmsApi.Middleware.LoggingActionFilter | CorrelationId:9146657610e341c69681651201d7bc1e | API Request: POST /api/VisitorManagement/visitors | User: Unknown | School: 550e8400-e29b-41d4-a716-446655440000
2026-04-19 23:09:37.364 +05:30 [INF] SmsApi.Middleware.LoggingActionFilter | CorrelationId:9146657610e341c69681651201d7bc1e | API Response: POST /api/VisitorManagement/visitors | Status: 200 | Duration: 19ms
2026-04-19 23:09:37.394 +05:30 [INF] Serilog.AspNetCore.RequestLoggingMiddleware | CorrelationId:9146657610e341c69681651201d7bc1e | HTTP POST /api/VisitorManagement/visitors responded 201 in 50.7667 ms
2026-04-19 23:09:37.416 +05:30 [INF] SmsApi.Middleware.LoggingActionFilter | CorrelationId:8648a7def84d451bb371ceb372685073 | API Request: POST /api/VisitorManagement/visitors | User: Unknown | School: 550e8400-e29b-41d4-a716-446655440000
2026-04-19 23:09:37.423 +05:30 [INF] SmsApi.Middleware.LoggingActionFilter | CorrelationId:8648a7def84d451bb371ceb372685073 | API Response: POST /api/VisitorManagement/visitors | Status: 200 | Duration: 6ms
2026-04-19 23:09:37.428 +05:30 [INF] Serilog.AspNetCore.RequestLoggingMiddleware | CorrelationId:8648a7def84d451bb371ceb372685073 | HTTP POST /api/VisitorManagement/visitors responded 201 in 12.8223 ms
2026-04-19 23:09:37.440 +05:30 [INF] SmsApi.Middleware.LoggingActionFilter | CorrelationId:baea9befec27402ba19566868392e4b3 | API Request: GET /api/VisitorManagement/visitors | User: Unknown | School: 550e8400-e29b-41d4-a716-446655440000
2026-04-19 23:09:37.447 +05:30 [INF] SmsApi.Middleware.LoggingActionFilter | CorrelationId:baea9befec27402ba19566868392e4b3 | API Response: GET /api/VisitorManagement/visitors | Status: 200 | Duration: 6ms
2026-04-19 23:09:37.450 +05:30 [INF] Serilog.AspNetCore.RequestLoggingMiddleware | CorrelationId:baea9befec27402ba19566868392e4b3 | HTTP GET /api/VisitorManagement/visitors responded 200 in 10.3984 ms
2026-04-19 23:09:37.468 +05:30 [INF] Serilog.AspNetCore.RequestLoggingMiddleware | CorrelationId:d360feaf2462434aa89311b8d740c2f1 | HTTP POST /api/VisitorManagement/check-in responded 400 in 3.4915 ms
2026-04-19 23:09:37.489 +05:30 [INF] Serilog.AspNetCore.RequestLoggingMiddleware | CorrelationId:38cb72ccc1984b6fba7464c18c6160e2 | HTTP POST /api/VisitorManagement/check-in responded 400 in 3.1608 ms
2026-04-19 23:09:37.495 +05:30 [INF] SmsApi.Middleware.LoggingActionFilter | CorrelationId:7549c7c3b67949799a74fcd1d3ac0d80 | API Request: GET /api/VisitorManagement/active | User: Unknown | School: 550e8400-e29b-41d4-a716-446655440000
2026-04-19 23:09:37.502 +05:30 [INF] SmsApi.Middleware.LoggingActionFilter | CorrelationId:7549c7c3b67949799a74fcd1d3ac0d80 | API Response: GET /api/VisitorManagement/active | Status: 200 | Duration: 7ms
2026-04-19 23:09:37.505 +05:30 [INF] Serilog.AspNetCore.RequestLoggingMiddleware | CorrelationId:7549c7c3b67949799a74fcd1d3ac0d80 | HTTP GET /api/VisitorManagement/active responded 200 in 10.7217 ms
2026-04-19 23:09:37.516 +05:30 [INF] SmsApi.Middleware.LoggingActionFilter | CorrelationId:f7c0ac881ce64d0487c9b5d15558c17e | API Request: GET /api/VisitorManagement/logs | User: Unknown | School: 550e8400-e29b-41d4-a716-446655440000
2026-04-19 23:09:37.523 +05:30 [INF] SmsApi.Middleware.LoggingActionFilter | CorrelationId:f7c0ac881ce64d0487c9b5d15558c17e | API Response: GET /api/VisitorManagement/logs | Status: 200 | Duration: 7ms
2026-04-19 23:09:37.525 +05:30 [INF] Serilog.AspNetCore.RequestLoggingMiddleware | CorrelationId:f7c0ac881ce64d0487c9b5d15558c17e | HTTP GET /api/VisitorManagement/logs responded 200 in 9.9703 ms
2026-04-19 23:09:37.540 +05:30 [INF] SmsApi.Middleware.LoggingActionFilter | CorrelationId:014fb8cc7d15429eabcf10d976ee2671 | API Request: POST /api/VisitorManagement/visitors | User: Unknown | School: 550e8400-e29b-41d4-a716-446655440000
2026-04-19 23:09:37.546 +05:30 [INF] SmsApi.Middleware.LoggingActionFilter | CorrelationId:014fb8cc7d15429eabcf10d976ee2671 | API Response: POST /api/VisitorManagement/visitors | Status: 200 | Duration: 6ms
2026-04-19 23:09:37.551 +05:30 [INF] Serilog.AspNetCore.RequestLoggingMiddleware | CorrelationId:014fb8cc7d15429eabcf10d976ee2671 | HTTP POST /api/VisitorManagement/visitors responded 400 in 11.7727 ms
2026-04-19 23:09:37.559 +05:30 [INF] Serilog.AspNetCore.RequestLoggingMiddleware | CorrelationId:2ffcc25c5a6b4a3dba82aabe46074a7a | HTTP POST /api/VisitorManagement/visitors responded 400 in 3.1011 ms
2026-04-19 23:09:37.566 +05:30 [INF] SmsApi.Middleware.LoggingActionFilter | CorrelationId:d82e0a703b26422f892746646341cce1 | API Request: GET /api/VisitorManagement/visitors | User: Unknown | School: 550e8400-e29b-41d4-a716-446655440000
2026-04-19 23:09:37.571 +05:30 [INF] SmsApi.Middleware.LoggingActionFilter | CorrelationId:d82e0a703b26422f892746646341cce1 | API Response: GET /api/VisitorManagement/visitors | Status: 200 | Duration: 5ms
2026-04-19 23:09:37.573 +05:30 [INF] Serilog.AspNetCore.RequestLoggingMiddleware | CorrelationId:d82e0a703b26422f892746646341cce1 | HTTP GET /api/VisitorManagement/visitors responded 200 in 7.9868 ms
2026-04-19 23:09:37.586 +05:30 [INF] SmsApi.Middleware.LoggingActionFilter | CorrelationId:18291bd265e7428caa10fee4966a08a1 | API Request: GET /api/VisitorManagement/visitors/00000000-0000-0000-0000-000000000000 | User: Unknown | School: 550e8400-e29b-41d4-a716-446655440000
2026-04-19 23:09:37.590 +05:30 [INF] SmsApi.Middleware.LoggingActionFilter | CorrelationId:18291bd265e7428caa10fee4966a08a1 | API Response: GET /api/VisitorManagement/visitors/00000000-0000-0000-0000-000000000000 | Status: 200 | Duration: 4ms
2026-04-19 23:09:37.599 +05:30 [INF] Serilog.AspNetCore.RequestLoggingMiddleware | CorrelationId:18291bd265e7428caa10fee4966a08a1 | HTTP GET /api/VisitorManagement/visitors/00000000-0000-0000-0000-000000000000 responded 404 in 14.1857 ms
2026-04-19 23:09:37.608 +05:30 [INF] SmsApi.Middleware.LoggingActionFilter | CorrelationId:de35d7b62dd44a788f407208dedc86f4 | API Request: POST /api/VisitorManagement/logs/00000000-0000-0000-0000-000000000000/check-out | User: Unknown | School: 550e8400-e29b-41d4-a716-446655440000
2026-04-19 23:09:37.614 +05:30 [INF] SmsApi.Middleware.LoggingActionFilter | CorrelationId:de35d7b62dd44a788f407208dedc86f4 | API Response: POST /api/VisitorManagement/logs/00000000-0000-0000-0000-000000000000/check-out | Status: 200 | Duration: 6ms
2026-04-19 23:09:37.617 +05:30 [INF] Serilog.AspNetCore.RequestLoggingMiddleware | CorrelationId:de35d7b62dd44a788f407208dedc86f4 | HTTP POST /api/VisitorManagement/logs/00000000-0000-0000-0000-000000000000/check-out responded 404 in 10.8243 ms
2026-04-19 23:09:37.622 +05:30 [INF] Serilog.AspNetCore.RequestLoggingMiddleware | CorrelationId:a1d87f0600414bb2ba6283163387c7f3 | HTTP GET /api/VisitorManagement/visitors responded 401 in 0.1430 ms
2026-04-19 23:09:43.670 +05:30 [INF] SmsApi.Middleware.LoggingActionFilter | CorrelationId:7c4666d097444d5cb3f74fcf5cb8dc6a | API Request: POST /api/auth/login | User: Unknown | School: Unknown
2026-04-19 23:09:44.158 +05:30 [INF] SmsApi.Controllers.AuthController | CorrelationId:7c4666d097444d5cb3f74fcf5cb8dc6a | Login successful for admin (SchoolId: "550e8400-e29b-41d4-a716-446655440000")
2026-04-19 23:09:44.166 +05:30 [INF] SmsApi.Middleware.LoggingActionFilter | CorrelationId:7c4666d097444d5cb3f74fcf5cb8dc6a | API Response: POST /api/auth/login | Status: 200 | Duration: 495ms
2026-04-19 23:09:44.175 +05:30 [INF] Serilog.AspNetCore.RequestLoggingMiddleware | CorrelationId:7c4666d097444d5cb3f74fcf5cb8dc6a | HTTP POST /api/auth/login responded 200 in 505.6214 ms
2026-04-19 23:09:44.182 +05:30 [WRN] SmsApi.Infrastructure.Performance.PerformanceMonitoringMiddleware | CorrelationId: | Slow request: POST /api/auth/login took 503ms — status 200.
2026-04-19 23:09:44.194 +05:30 [INF] SmsApi.Middleware.LoggingActionFilter | CorrelationId:c9573f52d05c4f0fa0fed43e9019e7cb | API Request: POST /api/VisitorManagement/visitors | User: Unknown | School: 550e8400-e29b-41d4-a716-446655440000
2026-04-19 23:09:44.200 +05:30 [INF] SmsApi.Middleware.LoggingActionFilter | CorrelationId:c9573f52d05c4f0fa0fed43e9019e7cb | API Response: POST /api/VisitorManagement/visitors | Status: 200 | Duration: 5ms
2026-04-19 23:09:44.208 +05:30 [INF] Serilog.AspNetCore.RequestLoggingMiddleware | CorrelationId:c9573f52d05c4f0fa0fed43e9019e7cb | HTTP POST /api/VisitorManagement/visitors responded 201 in 14.9031 ms
2026-04-19 23:10:07.134 +05:30 [INF] SmsApi.Middleware.LoggingActionFilter | CorrelationId:e3d5cc9078114cb78643d551c6692f4c | API Request: POST /api/auth/login | User: Unknown | School: Unknown
2026-04-19 23:10:07.663 +05:30 [INF] SmsApi.Controllers.AuthController | CorrelationId:e3d5cc9078114cb78643d551c6692f4c | Login successful for admin (SchoolId: "550e8400-e29b-41d4-a716-446655440000")
2026-04-19 23:10:07.665 +05:30 [INF] SmsApi.Middleware.LoggingActionFilter | CorrelationId:e3d5cc9078114cb78643d551c6692f4c | API Response: POST /api/auth/login | Status: 200 | Duration: 530ms
2026-04-19 23:10:07.669 +05:30 [INF] Serilog.AspNetCore.RequestLoggingMiddleware | CorrelationId:e3d5cc9078114cb78643d551c6692f4c | HTTP POST /api/auth/login responded 200 in 536.9675 ms
2026-04-19 23:10:07.680 +05:30 [WRN] SmsApi.Infrastructure.Performance.PerformanceMonitoringMiddleware | CorrelationId: | Slow request: POST /api/auth/login took 534ms — status 200.
2026-04-19 23:10:07.719 +05:30 [INF] SmsApi.Middleware.LoggingActionFilter | CorrelationId:3704a81025964f23a8908f3e44192c85 | API Request: POST /api/VisitorManagement/visitors | User: Unknown | School: 550e8400-e29b-41d4-a716-446655440000
2026-04-19 23:10:07.744 +05:30 [INF] SmsApi.Middleware.LoggingActionFilter | CorrelationId:3704a81025964f23a8908f3e44192c85 | API Response: POST /api/VisitorManagement/visitors | Status: 200 | Duration: 24ms
2026-04-19 23:10:07.802 +05:30 [INF] Serilog.AspNetCore.RequestLoggingMiddleware | CorrelationId:3704a81025964f23a8908f3e44192c85 | HTTP POST /api/VisitorManagement/visitors responded 201 in 84.9402 ms
2026-04-19 23:10:07.853 +05:30 [INF] SmsApi.Middleware.LoggingActionFilter | CorrelationId:660b45b7ac2649c78e51d0692d6f1126 | API Request: POST /api/VisitorManagement/visitors | User: Unknown | School: 550e8400-e29b-41d4-a716-446655440000
2026-04-19 23:10:07.876 +05:30 [INF] SmsApi.Middleware.LoggingActionFilter | CorrelationId:660b45b7ac2649c78e51d0692d6f1126 | API Response: POST /api/VisitorManagement/visitors | Status: 200 | Duration: 23ms
2026-04-19 23:10:07.898 +05:30 [INF] Serilog.AspNetCore.RequestLoggingMiddleware | CorrelationId:660b45b7ac2649c78e51d0692d6f1126 | HTTP POST /api/VisitorManagement/visitors responded 201 in 47.6110 ms
2026-04-19 23:10:07.920 +05:30 [INF] SmsApi.Middleware.LoggingActionFilter | CorrelationId:e0b9ce3457524cc1b02176864096bf26 | API Request: GET /api/VisitorManagement/visitors/1910c5c2-106b-4602-a550-9821ce5d167b | User: Unknown | School: 550e8400-e29b-41d4-a716-446655440000
2026-04-19 23:10:07.929 +05:30 [INF] SmsApi.Middleware.LoggingActionFilter | CorrelationId:e0b9ce3457524cc1b02176864096bf26 | API Response: GET /api/VisitorManagement/visitors/1910c5c2-106b-4602-a550-9821ce5d167b | Status: 200 | Duration: 8ms
2026-04-19 23:10:07.933 +05:30 [INF] Serilog.AspNetCore.RequestLoggingMiddleware | CorrelationId:e0b9ce3457524cc1b02176864096bf26 | HTTP GET /api/VisitorManagement/visitors/1910c5c2-106b-4602-a550-9821ce5d167b responded 200 in 13.9449 ms
2026-04-19 23:10:07.952 +05:30 [INF] SmsApi.Middleware.LoggingActionFilter | CorrelationId:543bbfc77e624aa28ceef399e83cdce3 | API Request: GET /api/VisitorManagement/visitors | User: Unknown | School: 550e8400-e29b-41d4-a716-446655440000
2026-04-19 23:10:08.008 +05:30 [INF] SmsApi.Middleware.LoggingActionFilter | CorrelationId:543bbfc77e624aa28ceef399e83cdce3 | API Response: GET /api/VisitorManagement/visitors | Status: 200 | Duration: 55ms
2026-04-19 23:10:08.022 +05:30 [INF] Serilog.AspNetCore.RequestLoggingMiddleware | CorrelationId:543bbfc77e624aa28ceef399e83cdce3 | HTTP GET /api/VisitorManagement/visitors responded 200 in 71.0574 ms
2026-04-19 23:10:08.128 +05:30 [INF] SmsApi.Middleware.LoggingActionFilter | CorrelationId:87820017aadd49d5bbb1575f2d47a3ea | API Request: PUT /api/VisitorManagement/visitors/1910c5c2-106b-4602-a550-9821ce5d167b | User: Unknown | School: 550e8400-e29b-41d4-a716-446655440000
2026-04-19 23:10:08.145 +05:30 [INF] SmsApi.Middleware.LoggingActionFilter | CorrelationId:87820017aadd49d5bbb1575f2d47a3ea | API Response: PUT /api/VisitorManagement/visitors/1910c5c2-106b-4602-a550-9821ce5d167b | Status: 200 | Duration: 17ms
2026-04-19 23:10:08.154 +05:30 [INF] Serilog.AspNetCore.RequestLoggingMiddleware | CorrelationId:87820017aadd49d5bbb1575f2d47a3ea | HTTP PUT /api/VisitorManagement/visitors/1910c5c2-106b-4602-a550-9821ce5d167b responded 200 in 36.6936 ms
2026-04-19 23:10:08.174 +05:30 [INF] SmsApi.Middleware.LoggingActionFilter | CorrelationId:840864d545cf49cfb8bf6a81cf906556 | API Request: POST /api/VisitorManagement/check-in | User: Unknown | School: 550e8400-e29b-41d4-a716-446655440000
2026-04-19 23:10:08.226 +05:30 [INF] SmsApi.Middleware.LoggingActionFilter | CorrelationId:840864d545cf49cfb8bf6a81cf906556 | API Response: POST /api/VisitorManagement/check-in | Status: 200 | Duration: 52ms
2026-04-19 23:10:08.241 +05:30 [INF] Serilog.AspNetCore.RequestLoggingMiddleware | CorrelationId:840864d545cf49cfb8bf6a81cf906556 | HTTP POST /api/VisitorManagement/check-in responded 200 in 71.5474 ms
2026-04-19 23:10:08.281 +05:30 [INF] SmsApi.Middleware.LoggingActionFilter | CorrelationId:66df7b4e73504f00bd8da9ef05cba573 | API Request: POST /api/VisitorManagement/logs/127bdc4c-f98c-4c89-b398-f995815f859a/check-out | User: Unknown | School: 550e8400-e29b-41d4-a716-446655440000
2026-04-19 23:10:08.299 +05:30 [INF] SmsApi.Middleware.LoggingActionFilter | CorrelationId:66df7b4e73504f00bd8da9ef05cba573 | API Response: POST /api/VisitorManagement/logs/127bdc4c-f98c-4c89-b398-f995815f859a/check-out | Status: 200 | Duration: 17ms
2026-04-19 23:10:08.306 +05:30 [INF] Serilog.AspNetCore.RequestLoggingMiddleware | CorrelationId:66df7b4e73504f00bd8da9ef05cba573 | HTTP POST /api/VisitorManagement/logs/127bdc4c-f98c-4c89-b398-f995815f859a/check-out responded 200 in 27.2782 ms
2026-04-19 23:10:08.340 +05:30 [INF] SmsApi.Middleware.LoggingActionFilter | CorrelationId:887375f11618471186e4d15bb8d77673 | API Request: POST /api/VisitorManagement/check-in | User: Unknown | School: 550e8400-e29b-41d4-a716-446655440000
2026-04-19 23:10:08.366 +05:30 [INF] SmsApi.Middleware.LoggingActionFilter | CorrelationId:887375f11618471186e4d15bb8d77673 | API Response: POST /api/VisitorManagement/check-in | Status: 200 | Duration: 25ms
2026-04-19 23:10:08.386 +05:30 [INF] Serilog.AspNetCore.RequestLoggingMiddleware | CorrelationId:887375f11618471186e4d15bb8d77673 | HTTP POST /api/VisitorManagement/check-in responded 200 in 46.5122 ms
2026-04-19 23:10:08.399 +05:30 [INF] SmsApi.Middleware.LoggingActionFilter | CorrelationId:328101b2b18e46aa8cfc47ad01153358 | API Request: GET /api/VisitorManagement/active | User: Unknown | School: 550e8400-e29b-41d4-a716-446655440000
2026-04-19 23:10:08.414 +05:30 [INF] SmsApi.Middleware.LoggingActionFilter | CorrelationId:328101b2b18e46aa8cfc47ad01153358 | API Response: GET /api/VisitorManagement/active | Status: 200 | Duration: 15ms
2026-04-19 23:10:08.421 +05:30 [INF] Serilog.AspNetCore.RequestLoggingMiddleware | CorrelationId:328101b2b18e46aa8cfc47ad01153358 | HTTP GET /api/VisitorManagement/active responded 200 in 22.2415 ms
2026-04-19 23:10:08.437 +05:30 [INF] SmsApi.Middleware.LoggingActionFilter | CorrelationId:317b58b157a749afafc0e87cbb30cd35 | API Request: GET /api/VisitorManagement/logs | User: Unknown | School: 550e8400-e29b-41d4-a716-446655440000
2026-04-19 23:10:08.451 +05:30 [INF] SmsApi.Middleware.LoggingActionFilter | CorrelationId:317b58b157a749afafc0e87cbb30cd35 | API Response: GET /api/VisitorManagement/logs | Status: 200 | Duration: 14ms
2026-04-19 23:10:08.459 +05:30 [INF] Serilog.AspNetCore.RequestLoggingMiddleware | CorrelationId:317b58b157a749afafc0e87cbb30cd35 | HTTP GET /api/VisitorManagement/logs responded 200 in 22.3333 ms
2026-04-19 23:10:08.504 +05:30 [INF] SmsApi.Middleware.LoggingActionFilter | CorrelationId:39f720eb20d148698e4be09955cdf06b | API Request: POST /api/VisitorManagement/visitors | User: Unknown | School: 550e8400-e29b-41d4-a716-446655440000
2026-04-19 23:10:08.648 +05:30 [INF] SmsApi.Middleware.LoggingActionFilter | CorrelationId:39f720eb20d148698e4be09955cdf06b | API Response: POST /api/VisitorManagement/visitors | Status: 200 | Duration: 144ms
2026-04-19 23:10:08.667 +05:30 [INF] Serilog.AspNetCore.RequestLoggingMiddleware | CorrelationId:39f720eb20d148698e4be09955cdf06b | HTTP POST /api/VisitorManagement/visitors responded 400 in 163.4884 ms
2026-04-19 23:10:08.699 +05:30 [INF] Serilog.AspNetCore.RequestLoggingMiddleware | CorrelationId:430df33dac6e45ff8264f16a561deacd | HTTP POST /api/VisitorManagement/visitors responded 400 in 5.0126 ms
2026-04-19 23:10:08.711 +05:30 [INF] SmsApi.Middleware.LoggingActionFilter | CorrelationId:c9431db2367044b88c8cb47612912dc7 | API Request: POST /api/VisitorManagement/check-in | User: Unknown | School: 550e8400-e29b-41d4-a716-446655440000
2026-04-19 23:10:08.720 +05:30 [INF] SmsApi.Middleware.LoggingActionFilter | CorrelationId:c9431db2367044b88c8cb47612912dc7 | API Response: POST /api/VisitorManagement/check-in | Status: 200 | Duration: 9ms
2026-04-19 23:10:08.727 +05:30 [INF] Serilog.AspNetCore.RequestLoggingMiddleware | CorrelationId:c9431db2367044b88c8cb47612912dc7 | HTTP POST /api/VisitorManagement/check-in responded 400 in 17.2303 ms
2026-04-19 23:10:08.749 +05:30 [INF] SmsApi.Middleware.LoggingActionFilter | CorrelationId:29e70b6bdb1145c3aebe8a2559bb4d15 | API Request: GET /api/VisitorManagement/visitors | User: Unknown | School: 550e8400-e29b-41d4-a716-446655440000
2026-04-19 23:10:08.771 +05:30 [INF] SmsApi.Middleware.LoggingActionFilter | CorrelationId:29e70b6bdb1145c3aebe8a2559bb4d15 | API Response: GET /api/VisitorManagement/visitors | Status: 200 | Duration: 21ms
2026-04-19 23:10:08.786 +05:30 [INF] Serilog.AspNetCore.RequestLoggingMiddleware | CorrelationId:29e70b6bdb1145c3aebe8a2559bb4d15 | HTTP GET /api/VisitorManagement/visitors responded 200 in 37.1594 ms
2026-04-19 23:10:08.814 +05:30 [INF] SmsApi.Middleware.LoggingActionFilter | CorrelationId:fcdd2a241cbb4c6d9f20ed61a5f76689 | API Request: GET /api/VisitorManagement/visitors/00000000-0000-0000-0000-000000000000 | User: Unknown | School: 550e8400-e29b-41d4-a716-446655440000
2026-04-19 23:10:08.827 +05:30 [INF] SmsApi.Middleware.LoggingActionFilter | CorrelationId:fcdd2a241cbb4c6d9f20ed61a5f76689 | API Response: GET /api/VisitorManagement/visitors/00000000-0000-0000-0000-000000000000 | Status: 200 | Duration: 12ms
2026-04-19 23:10:08.843 +05:30 [INF] Serilog.AspNetCore.RequestLoggingMiddleware | CorrelationId:fcdd2a241cbb4c6d9f20ed61a5f76689 | HTTP GET /api/VisitorManagement/visitors/00000000-0000-0000-0000-000000000000 responded 404 in 30.3531 ms
2026-04-19 23:10:08.876 +05:30 [INF] SmsApi.Middleware.LoggingActionFilter | CorrelationId:1dc2130af5eb4a4da447a21cf7a9539a | API Request: POST /api/VisitorManagement/logs/00000000-0000-0000-0000-000000000000/check-out | User: Unknown | School: 550e8400-e29b-41d4-a716-446655440000
2026-04-19 23:10:08.892 +05:30 [INF] SmsApi.Middleware.LoggingActionFilter | CorrelationId:1dc2130af5eb4a4da447a21cf7a9539a | API Response: POST /api/VisitorManagement/logs/00000000-0000-0000-0000-000000000000/check-out | Status: 200 | Duration: 15ms
2026-04-19 23:10:08.899 +05:30 [INF] Serilog.AspNetCore.RequestLoggingMiddleware | CorrelationId:1dc2130af5eb4a4da447a21cf7a9539a | HTTP POST /api/VisitorManagement/logs/00000000-0000-0000-0000-000000000000/check-out responded 404 in 26.5458 ms
2026-04-19 23:10:08.912 +05:30 [INF] Serilog.AspNetCore.RequestLoggingMiddleware | CorrelationId:26f11c0e747b4fd6a13f3eb698284611 | HTTP GET /api/VisitorManagement/visitors responded 401 in 1.5326 ms
2026-04-19 23:31:48.174 +05:30 [INF]  | CorrelationId: | Using distributed in-memory cache (development only)
2026-04-19 23:31:50.709 +05:30 [WRN] Microsoft.EntityFrameworkCore.Model.Validation | CorrelationId: | Entity 'Staff' has a global query filter defined and is the required end of a relationship with the entity 'Certificate'. This may lead to unexpected results when the required entity is filtered out. Either configure the navigation as optional, or define matching query filters for both entities in the navigation. See https://go.microsoft.com/fwlink/?linkid=2131316 for more information.
2026-04-19 23:31:50.713 +05:30 [WRN] Microsoft.EntityFrameworkCore.Model.Validation | CorrelationId: | Entity 'School' has a global query filter defined and is the required end of a relationship with the entity 'CertificateTemplate'. This may lead to unexpected results when the required entity is filtered out. Either configure the navigation as optional, or define matching query filters for both entities in the navigation. See https://go.microsoft.com/fwlink/?linkid=2131316 for more information.
2026-04-19 23:31:50.715 +05:30 [WRN] Microsoft.EntityFrameworkCore.Model.Validation | CorrelationId: | Entity 'School' has a global query filter defined and is the required end of a relationship with the entity 'Document'. This may lead to unexpected results when the required entity is filtered out. Either configure the navigation as optional, or define matching query filters for both entities in the navigation. See https://go.microsoft.com/fwlink/?linkid=2131316 for more information.
2026-04-19 23:31:50.717 +05:30 [WRN] Microsoft.EntityFrameworkCore.Model.Validation | CorrelationId: | Entity 'School' has a global query filter defined and is the required end of a relationship with the entity 'DocumentCategory'. This may lead to unexpected results when the required entity is filtered out. Either configure the navigation as optional, or define matching query filters for both entities in the navigation. See https://go.microsoft.com/fwlink/?linkid=2131316 for more information.
2026-04-19 23:31:50.721 +05:30 [WRN] Microsoft.EntityFrameworkCore.Model.Validation | CorrelationId: | Entity 'School' has a global query filter defined and is the required end of a relationship with the entity 'FeeAuditLog'. This may lead to unexpected results when the required entity is filtered out. Either configure the navigation as optional, or define matching query filters for both entities in the navigation. See https://go.microsoft.com/fwlink/?linkid=2131316 for more information.
2026-04-19 23:31:50.727 +05:30 [WRN] Microsoft.EntityFrameworkCore.Model.Validation | CorrelationId: | Entity 'School' has a global query filter defined and is the required end of a relationship with the entity 'Holiday'. This may lead to unexpected results when the required entity is filtered out. Either configure the navigation as optional, or define matching query filters for both entities in the navigation. See https://go.microsoft.com/fwlink/?linkid=2131316 for more information.
2026-04-19 23:31:50.730 +05:30 [WRN] Microsoft.EntityFrameworkCore.Model.Validation | CorrelationId: | Entity 'School' has a global query filter defined and is the required end of a relationship with the entity 'IDCard'. This may lead to unexpected results when the required entity is filtered out. Either configure the navigation as optional, or define matching query filters for both entities in the navigation. See https://go.microsoft.com/fwlink/?linkid=2131316 for more information.
2026-04-19 23:31:50.739 +05:30 [WRN] Microsoft.EntityFrameworkCore.Model.Validation | CorrelationId: | Entity 'School' has a global query filter defined and is the required end of a relationship with the entity 'IDCardTemplate'. This may lead to unexpected results when the required entity is filtered out. Either configure the navigation as optional, or define matching query filters for both entities in the navigation. See https://go.microsoft.com/fwlink/?linkid=2131316 for more information.
2026-04-19 23:31:50.742 +05:30 [WRN] Microsoft.EntityFrameworkCore.Model.Validation | CorrelationId: | Entity 'UserLogin' has a global query filter defined and is the required end of a relationship with the entity 'PasswordResetToken'. This may lead to unexpected results when the required entity is filtered out. Either configure the navigation as optional, or define matching query filters for both entities in the navigation. See https://go.microsoft.com/fwlink/?linkid=2131316 for more information.
2026-04-19 23:31:50.745 +05:30 [WRN] Microsoft.EntityFrameworkCore.Model.Validation | CorrelationId: | Entity 'School' has a global query filter defined and is the required end of a relationship with the entity 'PromotionHistory'. This may lead to unexpected results when the required entity is filtered out. Either configure the navigation as optional, or define matching query filters for both entities in the navigation. See https://go.microsoft.com/fwlink/?linkid=2131316 for more information.
2026-04-19 23:31:50.856 +05:30 [WRN] Microsoft.EntityFrameworkCore.Model.Validation | CorrelationId: | The foreign key property 'Staff.ReportingToId1' was created in shadow state because a conflicting property with the simple name 'ReportingToId' exists in the entity type, but is either not mapped, is already used for another relationship, or is incompatible with the associated primary key type. See https://aka.ms/efcore-relationships for information on mapping relationships in EF Core.
2026-04-19 23:31:52.042 +05:30 [INF] Program | CorrelationId: | Database migrations applied successfully.
2026-04-19 23:31:53.184 +05:30 [INF] Microsoft.Hosting.Lifetime | CorrelationId: | Now listening on: http://localhost:5092
2026-04-19 23:31:53.186 +05:30 [INF] Microsoft.Hosting.Lifetime | CorrelationId: | Application started. Press Ctrl+C to shut down.
2026-04-19 23:31:53.188 +05:30 [INF] Microsoft.Hosting.Lifetime | CorrelationId: | Hosting environment: Development
2026-04-19 23:31:53.191 +05:30 [INF] Microsoft.Hosting.Lifetime | CorrelationId: | Content root path: C:\Vitana\Vitana Group\sms-api
2026-04-19 23:32:34.004 +05:30 [WRN] Microsoft.AspNetCore.HttpsPolicy.HttpsRedirectionMiddleware | CorrelationId:20490df44bb04b138a434d6015601aa0 | Failed to determine the https port for redirect.
2026-04-19 23:32:34.311 +05:30 [INF] Serilog.AspNetCore.RequestLoggingMiddleware | CorrelationId:20490df44bb04b138a434d6015601aa0 | HTTP POST /api/Auth/login responded 400 in 324.6057 ms
2026-04-19 23:32:41.706 +05:30 [INF] Serilog.AspNetCore.RequestLoggingMiddleware | CorrelationId:85dd6b9a0dd542ab98163e3438122bab | HTTP POST /api/Auth/login responded 400 in 13.4214 ms
2026-04-19 23:58:56.298 +05:30 [INF]  | CorrelationId: | Using distributed in-memory cache (development only)
2026-04-19 23:58:58.564 +05:30 [WRN] Microsoft.EntityFrameworkCore.Model.Validation | CorrelationId: | Entity 'Staff' has a global query filter defined and is the required end of a relationship with the entity 'Certificate'. This may lead to unexpected results when the required entity is filtered out. Either configure the navigation as optional, or define matching query filters for both entities in the navigation. See https://go.microsoft.com/fwlink/?linkid=2131316 for more information.
2026-04-19 23:58:58.569 +05:30 [WRN] Microsoft.EntityFrameworkCore.Model.Validation | CorrelationId: | Entity 'School' has a global query filter defined and is the required end of a relationship with the entity 'CertificateTemplate'. This may lead to unexpected results when the required entity is filtered out. Either configure the navigation as optional, or define matching query filters for both entities in the navigation. See https://go.microsoft.com/fwlink/?linkid=2131316 for more information.
2026-04-19 23:58:58.571 +05:30 [WRN] Microsoft.EntityFrameworkCore.Model.Validation | CorrelationId: | Entity 'School' has a global query filter defined and is the required end of a relationship with the entity 'Document'. This may lead to unexpected results when the required entity is filtered out. Either configure the navigation as optional, or define matching query filters for both entities in the navigation. See https://go.microsoft.com/fwlink/?linkid=2131316 for more information.
2026-04-19 23:58:58.578 +05:30 [WRN] Microsoft.EntityFrameworkCore.Model.Validation | CorrelationId: | Entity 'School' has a global query filter defined and is the required end of a relationship with the entity 'DocumentCategory'. This may lead to unexpected results when the required entity is filtered out. Either configure the navigation as optional, or define matching query filters for both entities in the navigation. See https://go.microsoft.com/fwlink/?linkid=2131316 for more information.
2026-04-19 23:58:58.587 +05:30 [WRN] Microsoft.EntityFrameworkCore.Model.Validation | CorrelationId: | Entity 'School' has a global query filter defined and is the required end of a relationship with the entity 'FeeAuditLog'. This may lead to unexpected results when the required entity is filtered out. Either configure the navigation as optional, or define matching query filters for both entities in the navigation. See https://go.microsoft.com/fwlink/?linkid=2131316 for more information.
2026-04-19 23:58:58.590 +05:30 [WRN] Microsoft.EntityFrameworkCore.Model.Validation | CorrelationId: | Entity 'School' has a global query filter defined and is the required end of a relationship with the entity 'Holiday'. This may lead to unexpected results when the required entity is filtered out. Either configure the navigation as optional, or define matching query filters for both entities in the navigation. See https://go.microsoft.com/fwlink/?linkid=2131316 for more information.
2026-04-19 23:58:58.593 +05:30 [WRN] Microsoft.EntityFrameworkCore.Model.Validation | CorrelationId: | Entity 'School' has a global query filter defined and is the required end of a relationship with the entity 'IDCard'. This may lead to unexpected results when the required entity is filtered out. Either configure the navigation as optional, or define matching query filters for both entities in the navigation. See https://go.microsoft.com/fwlink/?linkid=2131316 for more information.
2026-04-19 23:58:58.595 +05:30 [WRN] Microsoft.EntityFrameworkCore.Model.Validation | CorrelationId: | Entity 'School' has a global query filter defined and is the required end of a relationship with the entity 'IDCardTemplate'. This may lead to unexpected results when the required entity is filtered out. Either configure the navigation as optional, or define matching query filters for both entities in the navigation. See https://go.microsoft.com/fwlink/?linkid=2131316 for more information.
2026-04-19 23:58:58.598 +05:30 [WRN] Microsoft.EntityFrameworkCore.Model.Validation | CorrelationId: | Entity 'UserLogin' has a global query filter defined and is the required end of a relationship with the entity 'PasswordResetToken'. This may lead to unexpected results when the required entity is filtered out. Either configure the navigation as optional, or define matching query filters for both entities in the navigation. See https://go.microsoft.com/fwlink/?linkid=2131316 for more information.
2026-04-19 23:58:58.600 +05:30 [WRN] Microsoft.EntityFrameworkCore.Model.Validation | CorrelationId: | Entity 'School' has a global query filter defined and is the required end of a relationship with the entity 'PromotionHistory'. This may lead to unexpected results when the required entity is filtered out. Either configure the navigation as optional, or define matching query filters for both entities in the navigation. See https://go.microsoft.com/fwlink/?linkid=2131316 for more information.
2026-04-19 23:58:58.717 +05:30 [WRN] Microsoft.EntityFrameworkCore.Model.Validation | CorrelationId: | The foreign key property 'Staff.ReportingToId1' was created in shadow state because a conflicting property with the simple name 'ReportingToId' exists in the entity type, but is either not mapped, is already used for another relationship, or is incompatible with the associated primary key type. See https://aka.ms/efcore-relationships for information on mapping relationships in EF Core.
2026-04-19 23:58:59.894 +05:30 [INF] Program | CorrelationId: | Database migrations applied successfully.
2026-04-19 23:59:00.781 +05:30 [INF] Microsoft.Hosting.Lifetime | CorrelationId: | Now listening on: http://localhost:5092
2026-04-19 23:59:00.782 +05:30 [INF] Microsoft.Hosting.Lifetime | CorrelationId: | Application started. Press Ctrl+C to shut down.
2026-04-19 23:59:00.784 +05:30 [INF] Microsoft.Hosting.Lifetime | CorrelationId: | Hosting environment: Development
2026-04-19 23:59:00.785 +05:30 [INF] Microsoft.Hosting.Lifetime | CorrelationId: | Content root path: C:\Vitana\Vitana Group\sms-api
